
> deploy
> npm run deploy --workspace=@notionglaze/sync-worker && npm run deploy --workspace=@notionglaze/web


> @notionglaze/sync-worker@0.0.1 deploy
> wrangler deploy


 ⛅️ wrangler 3.114.17 (update available 4.61.1)
-----------------------------------------------

[33m▲ [43;33m[[43;30mWARNING[43;33m][0m [1mThe version of Wrangler you are using is now out-of-date.[0m

  Please update to the latest version to prevent critical errors.
  Run `npm install --save-dev wrangler@4` to update to the latest version.
  After installation, run Wrangler with `npx wrangler`.


Total Upload: 67.46 KiB / gzip: 13.54 KiB
Your worker has access to the following bindings:
- D1 Databases:
  - DB: notion-glaze-db (0f179af5-16fa-4627-8ad6-ecdf8d50707d)
- R2 Buckets:
  - BUCKET: notionglaze-assets
- Services:
  - SYNC_WORKER: notion-glaze-sync-worker

[31m✘ [41;31m[[41;97mERROR[41;31m][0m [1mA request to the Cloudflare API (/accounts/ba5e8b86f33e63c791da65ef587bdc98/workers/scripts/notion-glaze-sync-worker/versions) failed.[0m

  Service unavailable [code: 7010]
  
  If you think this is a bug, please open an issue at: [4mhttps://github.com/cloudflare/workers-sdk/issues/new/choose[0m


🪵  Logs were written to "/var/services/homes/andrewoong/.config/.wrangler/logs/wrangler-2026-02-02_14-22-53_772.log"
npm error Lifecycle script `deploy` failed with error:
npm error code 1
npm error path /volume2/humanerd/docker/dev-humanerd/NotionGlazeV2/apps/sync-worker
npm error workspace @notionglaze/sync-worker@0.0.1
npm error location /volume2/humanerd/docker/dev-humanerd/NotionGlazeV2/apps/sync-worker
npm error command failed
npm error command sh -c wrangler deploy
